============================= test session starts =============================
platform win32 -- Python 3.12.7, pytest-8.0.0, pluggy-1.6.0
rootdir: C:\Users\mikir\OneDrive\デスクトップ\my-line-bots-new
plugins: anyio-4.11.0, cov-7.0.0, mock-3.15.1
collected 67 items

tests\test_bat.py ..........                                             [ 14%]
tests\test_bat_coverage.py .......                                       [ 25%]
tests\test_beaver.py ....                                                [ 31%]
tests\test_capybara.py ..                                                [ 34%]
tests\test_fox.py .....                                                  [ 41%]
tests\test_frog.py ............                                          [ 59%]
tests\test_mole.py ...                                                   [ 64%]
tests\test_owl.py ....                                                   [ 70%]
tests\test_penguin.py ......                                             [ 79%]
tests\test_rabbit.py ...                                                 [ 83%]
tests\test_voidoll.py ....                                               [ 89%]
tests\test_voidoll_service.py ....                                       [ 95%]
tests\test_whale.py ...                                                  [100%]

============================= 67 passed in 2.72s ==============================
