============================= test session starts =============================
platform win32 -- Python 3.12.7, pytest-8.0.0, pluggy-1.6.0 -- C:\Users\mikir\anaconda3\python.exe
cachedir: .pytest_cache
rootdir: C:\Users\mikir\OneDrive\デスクトップ\my-line-bots-new
plugins: anyio-4.11.0, cov-7.0.0, mock-3.15.1
collecting ... collected 12 items

tests/test_frog.py::test_extract_location PASSED                         [  8%]
tests/test_frog.py::test_create_google_maps_link_simple PASSED           [ 16%]
tests/test_frog.py::test_create_google_maps_link_with_api PASSED         [ 25%]
tests/test_frog.py::test_register_frog_handler FAILED                    [ 33%]
tests/test_frog.py::test_handle_text_message_flow PASSED                 [ 41%]
tests/test_frog.py::test_handle_location_logic PASSED                    [ 50%]
tests/test_frog.py::test_broadcast_morning_weather PASSED                [ 58%]
tests/test_frog.py::test_get_place_details_real PASSED                   [ 66%]
tests/test_frog.py::test_get_location_name_from_coords_real PASSED       [ 75%]
tests/test_frog.py::test_callback_frog_integration PASSED                [ 83%]
tests/test_frog.py::test_handle_frog_message_event PASSED                [ 91%]
tests/test_frog.py::test_handle_frog_location_event FAILED               [100%]

================================== FAILURES ===================================
_________________________ test_register_frog_handler __________________________

mock_dependencies = {'app': <MagicMock id='1710180863872'>, 'config': <MagicMock id='1710180860128'>, 'handler': <MagicMock id='1710180867616'>, 'search_model': <MagicMock id='1710180737888'>, ...}

    def test_register_frog_handler(mock_dependencies):
        """ハンドラー登録のテスト"""
        frog.register_frog_handler(
            mock_dependencies["app"],
            mock_dependencies["handler"],
            mock_dependencies["config"],
            mock_dependencies["search_model"],
            mock_dependencies["text_model"]
        )
        # グローバル変数が設定されたか確認
        assert frog._search_model == mock_dependencies["search_model"]
        assert frog._text_model == mock_dependencies["text_model"]
        # エンドポイント登録確認
>       assert mock_dependencies["app"].post.call_count >= 2 # /callback_frog, /trigger_morning_weather
E       AssertionError: assert 1 >= 2
E        +  where 1 = <MagicMock name='mock.post' id='1710180871360'>.call_count
E        +    where <MagicMock name='mock.post' id='1710180871360'> = <MagicMock id='1710180863872'>.post

tests\test_frog.py:79: AssertionError
---------------------------- Captured stdout call -----------------------------
\U0001f438 Frog Handler Registered (Refactored)
_______________________ test_handle_frog_location_event _______________________

mock_handle_loc = <MagicMock name='handle_location_message' id='1710181933920'>
mock_send_reply = <MagicMock name='send_reply' id='1710181937664'>
mock_dependencies = {'app': <MagicMock id='1710181926336'>, 'config': <MagicMock id='1710181889760'>, 'handler': <MagicMock id='1710181930080'>, 'search_model': <MagicMock id='1710181882224'>, ...}

    @patch("animals.frog.send_reply")
    @patch("animals.frog.handle_location_message")
    def test_handle_frog_location_event(mock_handle_loc, mock_send_reply, mock_dependencies):
        """位置情報イベントハンドラーの直接テスト"""
        # Setup globals
        frog.register_frog_handler(
            mock_dependencies["app"],
            mock_dependencies["handler"],
            mock_dependencies["config"],
            mock_dependencies["search_model"],
            mock_dependencies["text_model"]
        )
    
        # Mock Event
        mock_event = MagicMock()
        mock_event.message.title = "Place"
        mock_event.message.address = "Addr"
        mock_event.message.latitude = 35.0
        mock_event.message.longitude = 139.0
        mock_event.reply_token = "token"
    
        mock_handle_loc.return_value = "返信"
    
        # Execute
>       frog.handle_frog_location_event(mock_event)

tests\test_frog.py:291: 
_ _ _ _ _ _ _ _ _ _ _ _ _ _ _ _ _ _ _ _ _ _ _ _ _ _ _ _ _ _ _ _ _ _ _ _ _ _ _ _

event = <MagicMock id='1710181981440'>

    def handle_frog_location_event(event):
        """カエルの位置情報メッセージ処理（イベントハンドラー）"""
    
        print(f"\U0001f438\U0001f4cd \u30ab\u30a8\u30eb\u53d7\u4fe1\uff08\u4f4d\u7f6e\u60c5\u5831\uff09")
        print(f"\U0001f438 \u30bf\u30a4\u30c8\u30eb: {event.message.title}")
        print(f"\U0001f438 \u4f4f\u6240: {event.message.address}")
        print(f"\U0001f438 \u7def\u5ea6: {event.message.latitude}")
        print(f"\U0001f438 \u7d4c\u5ea6: {event.message.longitude}")
    
        # 位置情報から天気を取得
        msg = handle_location_message(
            event.message.latitude,
            event.message.longitude,
            event.message.address,
            event.message.title,
            _search_model,
            _text_model,
        )
    
        # LINEに返信
        send_reply(event.reply_token, msg, _configuration_frog)
    
        # ==========================================
        # \u2600\ufe0f \u671d\u306e\u5929\u6c17\u914d\u4fe1\uff08Broadcast\uff09
        # ==========================================
>       @app.post("/trigger_morning_weather")
E       NameError: name 'app' is not defined

animals\frog.py:124: NameError
---------------------------- Captured stdout call -----------------------------
\U0001f438 Frog Handler Registered (Refactored)\n\U0001f438\U0001f4cd \u30ab\u30a8\u30eb\u53d7\u4fe1\uff08\u4f4d\u7f6e\u60c5\u5831\uff09\n\U0001f438 \u30bf\u30a4\u30c8\u30eb: Place\n\U0001f438 \u4f4f\u6240: Addr\n\U0001f438 \u7def\u5ea6: 35.0\n\U0001f438 \u7d4c\u5ea6: 139.0
=========================== short test summary info ===========================
FAILED tests/test_frog.py::test_register_frog_handler - AssertionError: asser...
FAILED tests/test_frog.py::test_handle_frog_location_event - NameError: name ...
======================== 2 failed, 10 passed in 3.97s =========================
